Archive member included because of file (symbol)

/usr/lib/gcc/avr/4.8.2/avr5/libgcc.a(_exit.o)
                              /usr/lib/gcc/avr/4.8.2/../../../avr/lib/avr5/crtm32u4.o (exit)
/usr/lib/gcc/avr/4.8.2/avr5/libgcc.a(_copy_data.o)
                              swew_receive.o (__do_copy_data)
/usr/lib/gcc/avr/4.8.2/avr5/libgcc.a(_clear_bss.o)
                              swew_receive.o (__do_clear_bss)

Allocating common symbols
Common symbol       size              file

temp                0x1               swew_receive.o
data_array          0x4               swew_receive.o
reading             0x1               swew_receive.o
payload_len         0x1               nrf24L01_plus-master/nrf24.o

Memory Configuration

Name             Origin             Length             Attributes
text             0x0000000000000000 0x0000000000020000 xr
data             0x0000000000800060 0x000000000000ffa0 rw !x
eeprom           0x0000000000810000 0x0000000000010000 rw !x
fuse             0x0000000000820000 0x0000000000000400 rw !x
lock             0x0000000000830000 0x0000000000000400 rw !x
signature        0x0000000000840000 0x0000000000000400 rw !x
user_signatures  0x0000000000850000 0x0000000000000400 rw !x
*default*        0x0000000000000000 0xffffffffffffffff

Linker script and memory map

Address of section .data set to 0x800100
LOAD /usr/lib/gcc/avr/4.8.2/../../../avr/lib/avr5/crtm32u4.o
LOAD swew_receive.o
LOAD nrf24L01_plus-master/nrf24.o
LOAD ../uart.o
START GROUP
LOAD /usr/lib/gcc/avr/4.8.2/avr5/libgcc.a
LOAD /usr/lib/gcc/avr/4.8.2/../../../avr/lib/avr5/libm.a
LOAD /usr/lib/gcc/avr/4.8.2/../../../avr/lib/avr5/libc.a
END GROUP

.hash
 *(.hash)

.dynsym
 *(.dynsym)

.dynstr
 *(.dynstr)

.gnu.version
 *(.gnu.version)

.gnu.version_d
 *(.gnu.version_d)

.gnu.version_r
 *(.gnu.version_r)

.rel.init
 *(.rel.init)

.rela.init
 *(.rela.init)

.rel.text
 *(.rel.text)
 *(.rel.text.*)
 *(.rel.gnu.linkonce.t*)

.rela.text
 *(.rela.text)
 *(.rela.text.*)
 *(.rela.gnu.linkonce.t*)

.rel.fini
 *(.rel.fini)

.rela.fini
 *(.rela.fini)

.rel.rodata
 *(.rel.rodata)
 *(.rel.rodata.*)
 *(.rel.gnu.linkonce.r*)

.rela.rodata
 *(.rela.rodata)
 *(.rela.rodata.*)
 *(.rela.gnu.linkonce.r*)

.rel.data
 *(.rel.data)
 *(.rel.data.*)
 *(.rel.gnu.linkonce.d*)

.rela.data
 *(.rela.data)
 *(.rela.data.*)
 *(.rela.gnu.linkonce.d*)

.rel.ctors
 *(.rel.ctors)

.rela.ctors
 *(.rela.ctors)

.rel.dtors
 *(.rel.dtors)

.rela.dtors
 *(.rela.dtors)

.rel.got
 *(.rel.got)

.rela.got
 *(.rela.got)

.rel.bss
 *(.rel.bss)

.rela.bss
 *(.rela.bss)

.rel.plt
 *(.rel.plt)

.rela.plt
 *(.rela.plt)

.text           0x0000000000000000      0x7d8
 *(.vectors)
 .vectors       0x0000000000000000       0xac /usr/lib/gcc/avr/4.8.2/../../../avr/lib/avr5/crtm32u4.o
                0x0000000000000000                __vectors
                0x0000000000000000                __vector_default
 *(.vectors)
 *(.progmem.gcc*)
 *(.progmem*)
                0x00000000000000ac                . = ALIGN (0x2)
                0x00000000000000ac                __trampolines_start = .
 *(.trampolines)
 .trampolines   0x00000000000000ac        0x0 linker stubs
 *(.trampolines*)
                0x00000000000000ac                __trampolines_end = .
 *(.jumptables)
 *(.jumptables*)
 *(.lowtext)
 *(.lowtext*)
                0x00000000000000ac                __ctors_start = .
 *(.ctors)
                0x00000000000000ac                __ctors_end = .
                0x00000000000000ac                __dtors_start = .
 *(.dtors)
                0x00000000000000ac                __dtors_end = .
 SORT(*)(.ctors)
 SORT(*)(.dtors)
 *(.init0)
 .init0         0x00000000000000ac        0x0 /usr/lib/gcc/avr/4.8.2/../../../avr/lib/avr5/crtm32u4.o
                0x00000000000000ac                __init
 *(.init0)
 *(.init1)
 *(.init1)
 *(.init2)
 .init2         0x00000000000000ac        0xc /usr/lib/gcc/avr/4.8.2/../../../avr/lib/avr5/crtm32u4.o
 *(.init2)
 *(.init3)
 *(.init3)
 *(.init4)
 .init4         0x00000000000000b8       0x16 /usr/lib/gcc/avr/4.8.2/avr5/libgcc.a(_copy_data.o)
                0x00000000000000b8                __do_copy_data
 .init4         0x00000000000000ce       0x10 /usr/lib/gcc/avr/4.8.2/avr5/libgcc.a(_clear_bss.o)
                0x00000000000000ce                __do_clear_bss
 *(.init4)
 *(.init5)
 *(.init5)
 *(.init6)
 *(.init6)
 *(.init7)
 *(.init7)
 *(.init8)
 *(.init8)
 *(.init9)
 .init9         0x00000000000000de        0x8 /usr/lib/gcc/avr/4.8.2/../../../avr/lib/avr5/crtm32u4.o
 *(.init9)
 *(.text)
 .text          0x00000000000000e6        0x4 /usr/lib/gcc/avr/4.8.2/../../../avr/lib/avr5/crtm32u4.o
                0x00000000000000e6                __vector_38
                0x00000000000000e6                __vector_22
                0x00000000000000e6                __vector_28
                0x00000000000000e6                __vector_1
                0x00000000000000e6                __vector_32
                0x00000000000000e6                __vector_34
                0x00000000000000e6                __vector_24
                0x00000000000000e6                __vector_12
                0x00000000000000e6                __bad_interrupt
                0x00000000000000e6                __vector_6
                0x00000000000000e6                __vector_31
                0x00000000000000e6                __vector_35
                0x00000000000000e6                __vector_39
                0x00000000000000e6                __vector_3
                0x00000000000000e6                __vector_23
                0x00000000000000e6                __vector_30
                0x00000000000000e6                __vector_25
                0x00000000000000e6                __vector_11
                0x00000000000000e6                __vector_13
                0x00000000000000e6                __vector_17
                0x00000000000000e6                __vector_19
                0x00000000000000e6                __vector_7
                0x00000000000000e6                __vector_41
                0x00000000000000e6                __vector_27
                0x00000000000000e6                __vector_5
                0x00000000000000e6                __vector_33
                0x00000000000000e6                __vector_37
                0x00000000000000e6                __vector_4
                0x00000000000000e6                __vector_9
                0x00000000000000e6                __vector_2
                0x00000000000000e6                __vector_21
                0x00000000000000e6                __vector_15
                0x00000000000000e6                __vector_36
                0x00000000000000e6                __vector_29
                0x00000000000000e6                __vector_40
                0x00000000000000e6                __vector_8
                0x00000000000000e6                __vector_26
                0x00000000000000e6                __vector_14
                0x00000000000000e6                __vector_10
                0x00000000000000e6                __vector_16
                0x00000000000000e6                __vector_18
                0x00000000000000e6                __vector_20
                0x00000000000000e6                __vector_42
 .text          0x00000000000000ea      0x16e swew_receive.o
                0x0000000000000138                adc_init
                0x0000000000000158                port_init
                0x0000000000000162                latch
                0x0000000000000190                light_test_routine
                0x00000000000001d6                light_func
                0x0000000000000250                mp3_func
 .text          0x0000000000000258      0x402 nrf24L01_plus-master/nrf24.o
                0x0000000000000260                nrf24_payload_length
                0x0000000000000266                spi_transfer
                0x000000000000029e                nrf24_payloadLength
                0x00000000000002c6                nrf24_getStatus
                0x00000000000002e8                nrf24_isSending
                0x00000000000002f8                nrf24_lastMessageStatus
                0x0000000000000310                nrf24_transferSync
                0x0000000000000348                nrf24_transmitSync
                0x0000000000000370                nrf24_configRegister
                0x0000000000000398                nrf24_getData
                0x00000000000003c2                nrf24_powerUpRx
                0x00000000000003e4                nrf24_config
                0x0000000000000456                nrf24_powerUpTx
                0x0000000000000466                nrf24_send
                0x00000000000004d2                nrf24_powerDown
                0x00000000000004dc                nrf24_readRegister
                0x000000000000050e                nrf24_rxFifoEmpty
                0x0000000000000532                nrf24_dataReady
                0x000000000000056a                nrf24_retransmissionCount
                0x000000000000058e                nrf24_writeRegister
                0x00000000000005e0                nrf24_rx_address
                0x00000000000005f0                nrf24_tx_address
                0x000000000000060e                nrf24_setupPins
                0x000000000000061a                nrf24_init
                0x0000000000000624                nrf24_ce_digitalWrite
                0x0000000000000630                nrf24_csn_digitalWrite
                0x000000000000063c                nrf24_sck_digitalWrite
                0x0000000000000648                nrf24_mosi_digitalWrite
                0x0000000000000654                nrf24_miso_digitalRead
 .text          0x000000000000065a       0x84 ../uart.o
                0x000000000000065a                uart_init
                0x000000000000067a                uart_putc
                0x0000000000000688                uart_puts
                0x00000000000006a6                uart_getc
                0x00000000000006b4                uart_gets
 .text          0x00000000000006de        0x0 /usr/lib/gcc/avr/4.8.2/avr5/libgcc.a(_exit.o)
 .text          0x00000000000006de        0x0 /usr/lib/gcc/avr/4.8.2/avr5/libgcc.a(_copy_data.o)
 .text          0x00000000000006de        0x0 /usr/lib/gcc/avr/4.8.2/avr5/libgcc.a(_clear_bss.o)
                0x00000000000006de                . = ALIGN (0x2)
 *(.text.*)
 .text.startup  0x00000000000006de       0xf6 swew_receive.o
                0x00000000000006de                main
 .text.libgcc.mul
                0x00000000000007d4        0x0 /usr/lib/gcc/avr/4.8.2/avr5/libgcc.a(_exit.o)
 .text.libgcc.div
                0x00000000000007d4        0x0 /usr/lib/gcc/avr/4.8.2/avr5/libgcc.a(_exit.o)
 .text.libgcc   0x00000000000007d4        0x0 /usr/lib/gcc/avr/4.8.2/avr5/libgcc.a(_exit.o)
 .text.libgcc.prologue
                0x00000000000007d4        0x0 /usr/lib/gcc/avr/4.8.2/avr5/libgcc.a(_exit.o)
 .text.libgcc.builtins
                0x00000000000007d4        0x0 /usr/lib/gcc/avr/4.8.2/avr5/libgcc.a(_exit.o)
 .text.libgcc.fmul
                0x00000000000007d4        0x0 /usr/lib/gcc/avr/4.8.2/avr5/libgcc.a(_exit.o)
 .text.libgcc.fixed
                0x00000000000007d4        0x0 /usr/lib/gcc/avr/4.8.2/avr5/libgcc.a(_exit.o)
 .text.libgcc.mul
                0x00000000000007d4        0x0 /usr/lib/gcc/avr/4.8.2/avr5/libgcc.a(_copy_data.o)
 .text.libgcc.div
                0x00000000000007d4        0x0 /usr/lib/gcc/avr/4.8.2/avr5/libgcc.a(_copy_data.o)
 .text.libgcc   0x00000000000007d4        0x0 /usr/lib/gcc/avr/4.8.2/avr5/libgcc.a(_copy_data.o)
 .text.libgcc.prologue
                0x00000000000007d4        0x0 /usr/lib/gcc/avr/4.8.2/avr5/libgcc.a(_copy_data.o)
 .text.libgcc.builtins
                0x00000000000007d4        0x0 /usr/lib/gcc/avr/4.8.2/avr5/libgcc.a(_copy_data.o)
 .text.libgcc.fmul
                0x00000000000007d4        0x0 /usr/lib/gcc/avr/4.8.2/avr5/libgcc.a(_copy_data.o)
 .text.libgcc.fixed
                0x00000000000007d4        0x0 /usr/lib/gcc/avr/4.8.2/avr5/libgcc.a(_copy_data.o)
 .text.libgcc.mul
                0x00000000000007d4        0x0 /usr/lib/gcc/avr/4.8.2/avr5/libgcc.a(_clear_bss.o)
 .text.libgcc.div
                0x00000000000007d4        0x0 /usr/lib/gcc/avr/4.8.2/avr5/libgcc.a(_clear_bss.o)
 .text.libgcc   0x00000000000007d4        0x0 /usr/lib/gcc/avr/4.8.2/avr5/libgcc.a(_clear_bss.o)
 .text.libgcc.prologue
                0x00000000000007d4        0x0 /usr/lib/gcc/avr/4.8.2/avr5/libgcc.a(_clear_bss.o)
 .text.libgcc.builtins
                0x00000000000007d4        0x0 /usr/lib/gcc/avr/4.8.2/avr5/libgcc.a(_clear_bss.o)
 .text.libgcc.fmul
                0x00000000000007d4        0x0 /usr/lib/gcc/avr/4.8.2/avr5/libgcc.a(_clear_bss.o)
 .text.libgcc.fixed
                0x00000000000007d4        0x0 /usr/lib/gcc/avr/4.8.2/avr5/libgcc.a(_clear_bss.o)
                0x00000000000007d4                . = ALIGN (0x2)
 *(.fini9)
 .fini9         0x00000000000007d4        0x0 /usr/lib/gcc/avr/4.8.2/avr5/libgcc.a(_exit.o)
                0x00000000000007d4                exit
                0x00000000000007d4                _exit
 *(.fini9)
 *(.fini8)
 *(.fini8)
 *(.fini7)
 *(.fini7)
 *(.fini6)
 *(.fini6)
 *(.fini5)
 *(.fini5)
 *(.fini4)
 *(.fini4)
 *(.fini3)
 *(.fini3)
 *(.fini2)
 *(.fini2)
 *(.fini1)
 *(.fini1)
 *(.fini0)
 .fini0         0x00000000000007d4        0x4 /usr/lib/gcc/avr/4.8.2/avr5/libgcc.a(_exit.o)
 *(.fini0)
                0x00000000000007d8                _etext = .

.data           0x0000000000800100       0x3c load address 0x00000000000007d8
                0x0000000000800100                PROVIDE (__data_start, .)
 *(.data)
 .data          0x0000000000800100        0x0 /usr/lib/gcc/avr/4.8.2/../../../avr/lib/avr5/crtm32u4.o
 .data          0x0000000000800100       0x3b swew_receive.o
                0x0000000000800100                rx_address
                0x0000000000800105                tx_address
                0x000000000080010a                playmode
                0x000000000080010b                light_val
 .data          0x000000000080013b        0x0 nrf24L01_plus-master/nrf24.o
 .data          0x000000000080013b        0x0 ../uart.o
 .data          0x000000000080013b        0x0 /usr/lib/gcc/avr/4.8.2/avr5/libgcc.a(_exit.o)
 .data          0x000000000080013b        0x0 /usr/lib/gcc/avr/4.8.2/avr5/libgcc.a(_copy_data.o)
 .data          0x000000000080013b        0x0 /usr/lib/gcc/avr/4.8.2/avr5/libgcc.a(_clear_bss.o)
 *(.data*)
 *(.rodata)
 *(.rodata*)
 *(.gnu.linkonce.d*)
                0x000000000080013c                . = ALIGN (0x2)
 *fill*         0x000000000080013b        0x1 
                0x000000000080013c                _edata = .
                0x000000000080013c                PROVIDE (__data_end, .)

.bss            0x000000000080013c       0x11
                0x000000000080013c                PROVIDE (__bss_start, .)
 *(.bss)
 .bss           0x000000000080013c        0x0 /usr/lib/gcc/avr/4.8.2/../../../avr/lib/avr5/crtm32u4.o
 .bss           0x000000000080013c        0xa swew_receive.o
                0x000000000080013c                q
 .bss           0x0000000000800146        0x0 nrf24L01_plus-master/nrf24.o
 .bss           0x0000000000800146        0x0 ../uart.o
 .bss           0x0000000000800146        0x0 /usr/lib/gcc/avr/4.8.2/avr5/libgcc.a(_exit.o)
 .bss           0x0000000000800146        0x0 /usr/lib/gcc/avr/4.8.2/avr5/libgcc.a(_copy_data.o)
 .bss           0x0000000000800146        0x0 /usr/lib/gcc/avr/4.8.2/avr5/libgcc.a(_clear_bss.o)
 *(.bss*)
 *(COMMON)
 COMMON         0x0000000000800146        0x6 swew_receive.o
                0x0000000000800146                temp
                0x0000000000800147                data_array
                0x000000000080014b                reading
 COMMON         0x000000000080014c        0x1 nrf24L01_plus-master/nrf24.o
                0x000000000080014c                payload_len
                0x000000000080014d                PROVIDE (__bss_end, .)
                0x00000000000007d8                __data_load_start = LOADADDR (.data)
                0x0000000000000814                __data_load_end = (__data_load_start + SIZEOF (.data))

.noinit         0x000000000080014d        0x0
                0x000000000080014d                PROVIDE (__noinit_start, .)
 *(.noinit*)
                0x000000000080014d                PROVIDE (__noinit_end, .)
                0x000000000080014d                _end = .
                0x000000000080014d                PROVIDE (__heap_start, .)

.eeprom         0x0000000000810000        0x0
 *(.eeprom*)
                0x0000000000810000                __eeprom_end = .

.fuse
 *(.fuse)
 *(.lfuse)
 *(.hfuse)
 *(.efuse)

.lock
 *(.lock*)

.signature
 *(.signature*)

.user_signatures
 *(.user_signatures*)

.stab           0x0000000000000000     0x29b8
 *(.stab)
 .stab          0x0000000000000000      0x6cc /usr/lib/gcc/avr/4.8.2/../../../avr/lib/avr5/crtm32u4.o
 .stab          0x00000000000006cc      0xb28 swew_receive.o
                                        0xb34 (size before relaxing)
 .stab          0x00000000000011f4     0x1290 nrf24L01_plus-master/nrf24.o
                                       0x1458 (size before relaxing)
 .stab          0x0000000000002484      0x534 ../uart.o
                                        0x6fc (size before relaxing)

.stabstr        0x0000000000000000     0x1381
 *(.stabstr)
 .stabstr       0x0000000000000000     0x1381 /usr/lib/gcc/avr/4.8.2/../../../avr/lib/avr5/crtm32u4.o

.stab.excl
 *(.stab.excl)

.stab.exclstr
 *(.stab.exclstr)

.stab.index
 *(.stab.index)

.stab.indexstr
 *(.stab.indexstr)

.comment        0x0000000000000000       0x11
 *(.comment)
 .comment       0x0000000000000000       0x11 swew_receive.o
                                         0x12 (size before relaxing)
 .comment       0x0000000000000000       0x12 nrf24L01_plus-master/nrf24.o
 .comment       0x0000000000000000       0x12 ../uart.o

.debug
 *(.debug)

.line
 *(.line)

.debug_srcinfo
 *(.debug_srcinfo)

.debug_sfnames
 *(.debug_sfnames)

.debug_aranges
 *(.debug_aranges)

.debug_pubnames
 *(.debug_pubnames)

.debug_info
 *(.debug_info)
 *(.gnu.linkonce.wi.*)

.debug_abbrev
 *(.debug_abbrev)

.debug_line
 *(.debug_line)

.debug_frame
 *(.debug_frame)

.debug_str
 *(.debug_str)

.debug_loc
 *(.debug_loc)

.debug_macinfo
 *(.debug_macinfo)

.debug_pubtypes
 *(.debug_pubtypes)

.debug_ranges
 *(.debug_ranges)

.debug_macro
 *(.debug_macro)
OUTPUT(swew_receive.elf elf32-avr)
LOAD linker stubs
